// Jest Snapshot v1, https://goo.gl/fbAQLP

exports[`weavess display can mount waveform panel and interact with it 1`] = `
<Provider
  store={
    Object {
      "dispatch": [Function],
      "getState": [Function],
      "replaceReducer": [Function],
      "subscribe": [Function],
      Symbol(observable): [Function],
    }
  }
>
  <Connect(WeavessDisplayComponent)
    amplitudeScaleOption="Fixed"
    defaultSignalDetectionPhase="P"
    defaultStations={Array []}
    defaultWaveformFilters={Array []}
    eventsInTimeRange={Array []}
    fixedScaleVal={26}
    measurementMode={
      Object {
        "entries": undefined,
        "mode": "Default",
      }
    }
    qcMasksByChannelName={
      Array [
        Object {
          "channelName": "chanName",
          "currentVersion": Object {
            "category": "REJECTED",
            "channelSegmentIds": Array [],
            "endTime": 1,
            "rationale": "just because",
            "startTime": 0,
            "type": "Spike",
            "version": "version",
          },
          "id": "masky",
          "qcMaskVersions": Array [
            Object {
              "category": "REJECTED",
              "channelSegmentIds": Array [],
              "endTime": 1,
              "rationale": "just because",
              "startTime": 0,
              "type": "Spike",
              "version": "version",
            },
          ],
        },
      ]
    }
    setMeasurementModeEntries={[Function]}
    signalDetectionsByStation={Array []}
    weavessProps={
      Object {
        "customMeasureWindowLabel": undefined,
        "defaultZoomWindow": Object {
          "endTimeSecs": 1274400899,
          "startTimeSecs": 1274391900,
        },
        "endTimeSecs": 1274400899,
        "events": undefined,
        "flex": false,
        "initialConfiguration": Object {
          "defaultChannel": Object {
            "disableMaskModification": true,
            "disableMeasureWindow": true,
            "disableSignalDetectionModification": false,
          },
          "hotKeys": Object {
            "amplitudeScale": "KeyS",
            "amplitudeScaleReset": "Alt+Shift+KeyS",
            "amplitudeScaleSingleReset": "Alt+KeyS",
            "maskCreate": "KeyM",
          },
          "nonDefaultChannel": Object {
            "disableMaskModification": false,
            "disableMeasureWindow": true,
            "disableSignalDetectionModification": true,
          },
          "shouldRenderSpectrograms": false,
          "shouldRenderWaveforms": true,
        },
        "initialZoomWindow": Object {
          "endTimeSecs": 1274399999,
          "startTimeSecs": 1274392800,
        },
        "measureWindowSelection": Object {
          "channel": undefined,
          "endTimeSecs": undefined,
          "isDefaultChannel": undefined,
          "startTimeSecs": undefined,
          "stationId": undefined,
        },
        "selections": Object {
          "channels": Array [],
          "signalDetections": Array [],
        },
        "showMeasureWindow": false,
        "startTimeSecs": 1274391900,
        "stations": Array [],
      }
    }
  >
    <Connect(WeavessDisplayComponent)
      amplitudeScaleOption="Fixed"
      defaultSignalDetectionPhase="P"
      defaultStations={Array []}
      defaultWaveformFilters={Array []}
      eventsInTimeRange={Array []}
      fixedScaleVal={26}
      measurementMode={
        Object {
          "entries": undefined,
          "mode": "Default",
        }
      }
      qcMasksByChannelName={
        Array [
          Object {
            "channelName": "chanName",
            "currentVersion": Object {
              "category": "REJECTED",
              "channelSegmentIds": Array [],
              "endTime": 1,
              "rationale": "just because",
              "startTime": 0,
              "type": "Spike",
              "version": "version",
            },
            "id": "masky",
            "qcMaskVersions": Array [
              Object {
                "category": "REJECTED",
                "channelSegmentIds": Array [],
                "endTime": 1,
                "rationale": "just because",
                "startTime": 0,
                "type": "Spike",
                "version": "version",
              },
            ],
          },
        ]
      }
      reactReduxForwardedRef={null}
      setMeasurementModeEntries={[Function]}
      signalDetectionsByStation={Array []}
      weavessProps={
        Object {
          "customMeasureWindowLabel": undefined,
          "defaultZoomWindow": Object {
            "endTimeSecs": 1274400899,
            "startTimeSecs": 1274391900,
          },
          "endTimeSecs": 1274400899,
          "events": undefined,
          "flex": false,
          "initialConfiguration": Object {
            "defaultChannel": Object {
              "disableMaskModification": true,
              "disableMeasureWindow": true,
              "disableSignalDetectionModification": false,
            },
            "hotKeys": Object {
              "amplitudeScale": "KeyS",
              "amplitudeScaleReset": "Alt+Shift+KeyS",
              "amplitudeScaleSingleReset": "Alt+KeyS",
              "maskCreate": "KeyM",
            },
            "nonDefaultChannel": Object {
              "disableMaskModification": false,
              "disableMeasureWindow": true,
              "disableSignalDetectionModification": true,
            },
            "shouldRenderSpectrograms": false,
            "shouldRenderWaveforms": true,
          },
          "initialZoomWindow": Object {
            "endTimeSecs": 1274399999,
            "startTimeSecs": 1274392800,
          },
          "measureWindowSelection": Object {
            "channel": undefined,
            "endTimeSecs": undefined,
            "isDefaultChannel": undefined,
            "startTimeSecs": undefined,
            "stationId": undefined,
          },
          "selections": Object {
            "channels": Array [],
            "signalDetections": Array [],
          },
          "showMeasureWindow": false,
          "startTimeSecs": 1274391900,
          "stations": Array [],
        }
      }
    >
      <WeavessDisplayComponent
        amplitudeScaleOption="Fixed"
        analysisMode="SCAN"
        currentOpenEventId={null}
        currentTimeInterval={
          Object {
            "endTimeSecs": 1274399999,
            "startTimeSecs": 1274392800,
          }
        }
        defaultSignalDetectionPhase="P"
        defaultStations={Array []}
        defaultWaveformFilters={Array []}
        eventsInTimeRange={Array []}
        fixedScaleVal={26}
        measurementMode={
          Object {
            "entries": undefined,
            "mode": "Default",
          }
        }
        qcMasksByChannelName={
          Array [
            Object {
              "channelName": "chanName",
              "currentVersion": Object {
                "category": "REJECTED",
                "channelSegmentIds": Array [],
                "endTime": 1,
                "rationale": "just because",
                "startTime": 0,
                "type": "Spike",
                "version": "version",
              },
              "id": "masky",
              "qcMaskVersions": Array [
                Object {
                  "category": "REJECTED",
                  "channelSegmentIds": Array [],
                  "endTime": 1,
                  "rationale": "just because",
                  "startTime": 0,
                  "type": "Spike",
                  "version": "version",
                },
              ],
            },
          ]
        }
        sdIdsToShowFk={Array []}
        selectedSdIds={Array []}
        selectedStationIds={Array []}
        setMeasurementModeEntries={[Function]}
        setMode={[Function]}
        setOpenEventId={[Function]}
        setSdIdsToShowFk={[Function]}
        setSelectedSdIds={[Function]}
        setSelectedStationIds={[Function]}
        signalDetectionsByStation={Array []}
        weavessProps={
          Object {
            "customMeasureWindowLabel": undefined,
            "defaultZoomWindow": Object {
              "endTimeSecs": 1274400899,
              "startTimeSecs": 1274391900,
            },
            "endTimeSecs": 1274400899,
            "events": undefined,
            "flex": false,
            "initialConfiguration": Object {
              "defaultChannel": Object {
                "disableMaskModification": true,
                "disableMeasureWindow": true,
                "disableSignalDetectionModification": false,
              },
              "hotKeys": Object {
                "amplitudeScale": "KeyS",
                "amplitudeScaleReset": "Alt+Shift+KeyS",
                "amplitudeScaleSingleReset": "Alt+KeyS",
                "maskCreate": "KeyM",
              },
              "nonDefaultChannel": Object {
                "disableMaskModification": false,
                "disableMeasureWindow": true,
                "disableSignalDetectionModification": true,
              },
              "shouldRenderSpectrograms": false,
              "shouldRenderWaveforms": true,
            },
            "initialZoomWindow": Object {
              "endTimeSecs": 1274399999,
              "startTimeSecs": 1274392800,
            },
            "measureWindowSelection": Object {
              "channel": undefined,
              "endTimeSecs": undefined,
              "isDefaultChannel": undefined,
              "startTimeSecs": undefined,
              "stationId": undefined,
            },
            "selections": Object {
              "channels": Array [],
              "signalDetections": Array [],
            },
            "showMeasureWindow": false,
            "startTimeSecs": 1274391900,
            "stations": Array [],
          }
        }
      >
        <div
          className="weavess-container"
          tabIndex={0}
        >
          <div
            className="weavess-container__wrapper"
          >
            <Blueprint3.NonIdealState
              icon="timeline-line-chart"
              title="No Waveforms to display"
            >
              <div
                className="bp3-non-ideal-state"
              >
                <div
                  className="bp3-non-ideal-state-visual"
                >
                  <Blueprint3.Icon
                    icon="timeline-line-chart"
                    iconSize={60}
                  >
                    <span
                      className="bp3-icon bp3-icon-timeline-line-chart"
                      icon="timeline-line-chart"
                    >
                      <svg
                        data-icon="timeline-line-chart"
                        height={60}
                        viewBox="0 0 20 20"
                        width={60}
                      >
                        <desc>
                          timeline-line-chart
                        </desc>
                        <path
                          d="M19 16H2v-1.59l5-5 3.29 3.29c.18.19.43.3.71.3s.53-.11.71-.29l7-7a1.003 1.003 0 00-1.42-1.42L11 10.59l-3.29-3.3C7.53 7.11 7.28 7 7 7s-.53.11-.71.29L2 11.59V3c0-.55-.45-1-1-1s-1 .45-1 1v14a.998.998 0 001 1h18c.55 0 1-.45 1-1s-.45-1-1-1z"
                          fillRule="evenodd"
                          key="0"
                        />
                      </svg>
                    </span>
                  </Blueprint3.Icon>
                </div>
                <Component>
                  <h4
                    className="bp3-heading"
                  >
                    No Waveforms to display
                  </h4>
                </Component>
              </div>
            </Blueprint3.NonIdealState>
          </div>
        </div>
      </WeavessDisplayComponent>
    </Connect(WeavessDisplayComponent)>
  </Connect(WeavessDisplayComponent)>
</Provider>
`;

exports[`weavess display getWindowedBoundaries gets bounds from the worker cache 1`] = `
Object {
  "bottomMax": -100,
  "channelAvg": 0,
  "channelSegmentId": "TEST",
  "offset": 100,
  "samplesCount": 100,
  "topMax": 100,
}
`;

exports[`weavess display getWindowedBoundaries gets bounds from the worker cache when given a time range 1`] = `
Object {
  "bottomMax": -100,
  "channelAvg": 0,
  "channelSegmentId": "TEST",
  "offset": 100,
  "samplesCount": 100,
  "topMax": 100,
}
`;
