// Jest Snapshot v1, https://goo.gl/fbAQLP

exports[`react query devtool matches a snapshot 1`] = `
<ReactQueryDevtool
  shouldRender={true}
/>
`;
