// Jest Snapshot v1, https://goo.gl/fbAQLP

exports[`Scaling Options Toolbar Item should return a ToolbarItem element that matches a snapshot 1`] = `
<ScalingOptionWrapper>
  <Blueprint3.Popover
    boundary="scrollParent"
    captureDismiss={false}
    content={
      <ScalingOptionSelector
        ampScaleOption="Auto"
        fixedScaleOptions={
          Array [
            "Current",
            1,
            2,
          ]
        }
        fixedScaleVal={1}
        setAmpScaleOption={[Function]}
        setFixedScaleVal={[Function]}
      />
    }
    defaultIsOpen={false}
    disabled={false}
    fill={false}
    hasBackdrop={false}
    hoverCloseDelay={300}
    hoverOpenDelay={150}
    inheritDarkTheme={true}
    interactionKind="click"
    minimal={false}
    modifiers={Object {}}
    openOnTargetFocus={true}
    position="auto"
    targetTagName="span"
    transitionDuration={300}
    usePortal={true}
    wrapperTagName="span"
  >
    <Manager>
      <span
        className="bp3-popover-wrapper"
      >
        <Reference
          innerRef={[Function]}
        >
          <InnerReference
            innerRef={[Function]}
            setReferenceNode={[Function]}
          >
            <Blueprint3.ResizeSensor
              onResize={[Function]}
            >
              <span
                className="bp3-popover-target"
                onClick={[Function]}
              >
                <Blueprint3.Button
                  alignText="left"
                  className=""
                  key=".0"
                  rightIcon="caret-down"
                  style={
                    Object {
                      "width": 72,
                    }
                  }
                  title="Waveform amplitude scaling options"
                  value="Auto"
                >
                  <button
                    className="bp3-button bp3-align-left"
                    onKeyDown={[Function]}
                    onKeyUp={[Function]}
                    style={
                      Object {
                        "width": 72,
                      }
                    }
                    title="Waveform amplitude scaling options"
                    type="button"
                    value="Auto"
                  >
                    <Blueprint3.Icon
                      key="leftIcon"
                    />
                    <span
                      className="bp3-button-text"
                      key="text"
                    >
                      Auto
                    </span>
                    <Blueprint3.Icon
                      icon="caret-down"
                      key="rightIcon"
                    >
                      <span
                        className="bp3-icon bp3-icon-caret-down"
                        icon="caret-down"
                      >
                        <svg
                          data-icon="caret-down"
                          height={16}
                          viewBox="0 0 16 16"
                          width={16}
                        >
                          <desc>
                            caret-down
                          </desc>
                          <path
                            d="M12 6.5c0-.28-.22-.5-.5-.5h-7a.495.495 0 00-.37.83l3.5 4c.09.1.22.17.37.17s.28-.07.37-.17l3.5-4c.08-.09.13-.2.13-.33z"
                            fillRule="evenodd"
                            key="0"
                          />
                        </svg>
                      </span>
                    </Blueprint3.Icon>
                  </button>
                </Blueprint3.Button>
              </span>
            </Blueprint3.ResizeSensor>
          </InnerReference>
        </Reference>
        <Blueprint3.Overlay
          autoFocus={true}
          backdropClassName="bp3-popover-backdrop"
          backdropProps={Object {}}
          canEscapeKeyClose={true}
          canOutsideClickClose={true}
          enforceFocus={true}
          hasBackdrop={false}
          isOpen={false}
          lazy={true}
          onClose={[Function]}
          transitionDuration={300}
          transitionName="bp3-popover"
          usePortal={true}
        />
      </span>
    </Manager>
  </Blueprint3.Popover>
</ScalingOptionWrapper>
`;
