// Jest Snapshot v1, https://goo.gl/fbAQLP

exports[`Client Side Table Renders 1`] = `
<CoreTable
  onCellClicked={[MockFunction]}
  onCellContextMenu={[MockFunction]}
  onGridReady={[Function]}
  onRowSelected={[MockFunction]}
  rowBuffer={10}
  rowData={
    Array [
      Object {
        "Ids": Array [
          1,
          2,
        ],
        "category": "normal",
        "color": "RED",
        "endTime": 2000,
        "first-in-table": true,
        "id": 1,
        "rationale": "user",
        "startTime": 1000,
        "type": "info",
        "versionId": 1,
      },
      Object {
        "Ids": Array [
          1,
          2,
        ],
        "category": "normal",
        "color": "GREEN",
        "endTime": 3000,
        "id": 2,
        "rationale": "user",
        "startTime": 2000,
        "type": "info",
        "versionId": 1,
      },
    ]
  }
/>
`;
