// Jest Snapshot v1, https://goo.gl/fbAQLP

exports[`Time Utils Can put time units into a high precision string 1`] = `"8 days 1 minute 30 seconds"`;

exports[`Time Utils Can put time units into a max precision string 1`] = `"1 minute"`;

exports[`Time Utils Can split seconds 1`] = `
Object {
  "days": 8,
  "hours": 0,
  "milliseconds": 0,
  "minutes": 1,
  "seconds": 30,
}
`;
