// Jest Snapshot v1, https://goo.gl/fbAQLP

exports[`Station Statistics Component can shallow render 1`] = `
<ContextConsumer>
  <Component />
</ContextConsumer>
`;
